// Jest Snapshot v1, https://goo.gl/fbAQLP

exports[`Components - Pokemons renders when data has provided 1`] = `
<ul
  className="sc-dkPtRN evmAl"
>
  <li
    className="sc-hKwDye bqwgDE"
  >
    <svg
      className="sc-bdvvtL jbVkAX"
      fill="none"
      onClick={[Function]}
      stroke="currentColor"
      viewBox="0 0 24 24"
      xmlns="http://www.w3.org/2000/svg"
    >
      <path
        d="M4.318 6.318a4.5 4.5 0 000 6.364L12 20.364l7.682-7.682a4.5 4.5 0 00-6.364-6.364L12 7.636l-1.318-1.318a4.5 4.5 0 00-6.364 0z"
        strokeLinecap="round"
        strokeLinejoin="round"
        strokeWidth={2}
      />
    </svg>
    <p
      onClick={[Function]}
    >
      venonat
    </p>
  </li>
  <li
    className="sc-hKwDye bqwgDE"
  >
    <svg
      className="sc-bdvvtL jbVkAX"
      fill="none"
      onClick={[Function]}
      stroke="currentColor"
      viewBox="0 0 24 24"
      xmlns="http://www.w3.org/2000/svg"
    >
      <path
        d="M4.318 6.318a4.5 4.5 0 000 6.364L12 20.364l7.682-7.682a4.5 4.5 0 00-6.364-6.364L12 7.636l-1.318-1.318a4.5 4.5 0 00-6.364 0z"
        strokeLinecap="round"
        strokeLinejoin="round"
        strokeWidth={2}
      />
    </svg>
    <p
      onClick={[Function]}
    >
      venusaur
    </p>
  </li>
</ul>
`;

exports[`Components - Pokemons renders when no data has provided 1`] = `
Array [
  <div>
    No Pok√©mon in the area.
  </div>,
  <ul
    className="sc-dkPtRN evmAl"
  />,
]
`;
