// Jest Snapshot v1, https://goo.gl/fbAQLP

exports[`Components - Favourite renders when both liked or not liked 1`] = `
<svg
  className="sc-bdvvtL jbVkAX"
  fill="none"
  onClick={[Function]}
  stroke="currentColor"
  viewBox="0 0 24 24"
  xmlns="http://www.w3.org/2000/svg"
>
  <path
    d="M4.318 6.318a4.5 4.5 0 000 6.364L12 20.364l7.682-7.682a4.5 4.5 0 00-6.364-6.364L12 7.636l-1.318-1.318a4.5 4.5 0 00-6.364 0z"
    strokeLinecap="round"
    strokeLinejoin="round"
    strokeWidth={2}
  />
</svg>
`;

exports[`Components - Favourite renders when both liked or not liked 2`] = `
<svg
  className="sc-gsDKAQ enRjmm"
  fill="currentColor"
  onClick={[Function]}
  viewBox="0 0 20 20"
  xmlns="http://www.w3.org/2000/svg"
>
  <path
    clipRule="evenodd"
    d="M3.172 5.172a4 4 0 015.656 0L10 6.343l1.172-1.171a4 4 0 115.656 5.656L10 17.657l-6.828-6.829a4 4 0 010-5.656z"
    fillRule="evenodd"
  />
</svg>
`;
